MPLINK 4.35, Linker
Linker Map File - Created Mon Apr 16 09:27:44 2012

                                 Section Info
                  Section       Type    Address   Location Size(Bytes)
                ---------  ---------  ---------  ---------  ---------
               _entry_scn       code   0x000000    program   0x000006
       .code__user_putc.o       code   0x000006    program   0x000002
              high_vector       code   0x000008    program   0x000006
                   .cinit    romdata   0x00000e    program   0x000026
 .code_motor_control012.o       code   0x000034    program   0x00118e
         .code_vfprintf.o       code   0x0011c2    program   0x000c22
         .code_sumovore.o       code   0x001de4    program   0x0005c0
               _cinit_scn       code   0x0023a4    program   0x00009e
           .code_printf.o       code   0x002442    program   0x000098
            .code_uopen.o       code   0x0024da    program   0x00008a
             .code_putc.o       code   0x002564    program   0x000084
          .code_pw2open.o       code   0x0025e8    program   0x000076
          .code_fxm3232.o       code   0x00265e    program   0x000070
             .stringtable    romdata   0x0026ce    program   0x00006f
       .romdata_adcconv.o    romdata   0x00273d    program   0x000000
      .idata_pw2setdc.o_i    romdata   0x00273d    program   0x000000
         .romdata_uopen.o    romdata   0x00273d    program   0x000000
         .romdata_c018i.o    romdata   0x00273d    program   0x000000
       .romdata_pw1open.o    romdata   0x00273d    program   0x000000
         .idata_ispor.o_i    romdata   0x00273d    program   0x000000
       .romdata_pw2open.o    romdata   0x00273d    program   0x000000
.romdata_motor_control012.o    romdata   0x00273d    program   0x000000
      .idata_pw1setdc.o_i    romdata   0x00273d    program   0x000000
       .romdata_fxm3232.o    romdata   0x00273d    program   0x000000
      .idata_vfprintf.o_i    romdata   0x00273d    program   0x000000
           .idata_osc.o_i    romdata   0x00273d    program   0x000000
       .romdata_adcread.o    romdata   0x00273d    program   0x000000
       .romdata_iswdtto.o    romdata   0x00273d    program   0x000000
    .idata_interrupts.o_i    romdata   0x00273d    program   0x000001
          .idata_putc.o_i    romdata   0x00273d    program   0x000000
       .romdata_statrst.o    romdata   0x00273d    program   0x000000
        .idata_t2open.o_i    romdata   0x00273d    program   0x000000
         .romdata_isbor.o    romdata   0x00273d    program   0x000000
      .romdata_sumovore.o    romdata   0x00273d    program   0x000000
    .romdata__user_putc.o    romdata   0x00273d    program   0x000000
        .romdata_printf.o    romdata   0x00273d    program   0x000000
          .idata_main.o_i    romdata   0x00273d    program   0x000000
          .code_adcopen.o       code   0x00273e    program   0x00006e
                   STRING       code   0x0027ac    program   0x000066
         .code_pw2setdc.o       code   0x002812    program   0x00005e
         .code_pw1setdc.o       code   0x002870    program   0x00005e
                     PROG       code   0x0028ce    program   0x00005a
              .code_osc.o       code   0x002928    program   0x00004e
         .code_fxd3232u.o       code   0x002976    program   0x000048
             .code_main.o       code   0x0029be    program   0x000044
           .code_t2open.o       code   0x002a02    program   0x000036
          .code_pw1open.o       code   0x002a38    program   0x000030
             D10KTCYXCODE       code   0x002a68    program   0x00002e
         .code_adcsetch.o       code   0x002a96    program   0x00002e
       .code_interrupts.o       code   0x002ac4    program   0x00002c
                    CTYPE       code   0x002af0    program   0x000024
                    .code       code   0x002b14    program   0x000020
             _startup_scn       code   0x002b34    program   0x00001c
                    STDIO       code   0x002b50    program   0x00001c
          .code_iswdtto.o       code   0x002b6c    program   0x000018
            .code_ispor.o       code   0x002b84    program   0x000018
          .code_adcread.o       code   0x002b9c    program   0x000012
      .romdata_vfprintf.o    romdata   0x002bae    program   0x000011
       .idata_iswdtto.o_i    romdata   0x002bbf    program   0x000000
        .idata_printf.o_i    romdata   0x002bbf    program   0x000000
        .romdata_stdout.o    romdata   0x002bbf    program   0x000000
      .idata_fxd3232u.o_i    romdata   0x002bbf    program   0x000000
         .romdata_ispor.o    romdata   0x002bbf    program   0x000000
      .romdata_fxd3232u.o    romdata   0x002bbf    program   0x000000
       .idata_fxm3232.o_i    romdata   0x002bbf    program   0x000000
          .romdata_putc.o    romdata   0x002bbf    program   0x000000
    .idata__user_putc.o_i    romdata   0x002bbf    program   0x000000
         .idata_isbor.o_i    romdata   0x002bbf    program   0x000000
         .idata_c018i.o_i    romdata   0x002bbf    program   0x000000
          .romdata_main.o    romdata   0x002bbf    program   0x000000
    .romdata_interrupts.o    romdata   0x002bbf    program   0x000000
           .romdata_osc.o    romdata   0x002bbf    program   0x000000
.idata_motor_control012.o_i    romdata   0x002bbf    program   0x000000
       .idata_adcbusy.o_i    romdata   0x002bbf    program   0x000000
       .romdata_adcbusy.o    romdata   0x002bbf    program   0x000000
       .idata_adcconv.o_i    romdata   0x002bbf    program   0x000000
       .idata_adcopen.o_i    romdata   0x002bbf    program   0x000000
       .romdata_adcopen.o    romdata   0x002bbf    program   0x000000
       .idata_pw1open.o_i    romdata   0x002bbf    program   0x000000
       .idata_pw2open.o_i    romdata   0x002bbf    program   0x000000
        .romdata___init.o    romdata   0x002bbf    program   0x000000
        .idata___init.o_i    romdata   0x002bbf    program   0x000000
       .idata_statrst.o_i    romdata   0x002bbf    program   0x000000
      .romdata_pw2setdc.o    romdata   0x002bbf    program   0x000000
      .romdata_pw1setdc.o    romdata   0x002bbf    program   0x000000
      .romdata_adcsetch.o    romdata   0x002bbf    program   0x000000
        .romdata_t2open.o    romdata   0x002bbf    program   0x000000
         .idata_uopen.o_i    romdata   0x002bbf    program   0x000000
       .idata_adcread.o_i    romdata   0x002bbf    program   0x000000
      .idata_adcsetch.o_i    romdata   0x002bbf    program   0x000000
           .code_stdout.o       code   0x002bc0    program   0x000000
            .code_isbor.o       code   0x002bc0    program   0x00000c
            .code_c018i.o       code   0x002bc0    program   0x000000
          .code_adcbusy.o       code   0x002bcc    program   0x00000a
          .code_statrst.o       code   0x002bd6    program   0x000006
          .code_adcconv.o       code   0x002bdc    program   0x000004
           .code___init.o       code   0x002be0    program   0x000002
      .idata_sumovore.o_i    romdata   0x002be2    program   0x00000f
        .idata_stdout.o_i    romdata   0x002bf1    program   0x000002
.config_300001_sumovore.o    romdata   0x300001    program   0x000001
.config_300002_sumovore.o    romdata   0x300002    program   0x000001
.config_300003_sumovore.o    romdata   0x300003    program   0x000001
.config_300005_sumovore.o    romdata   0x300005    program   0x000001
.config_300006_sumovore.o    romdata   0x300006    program   0x000001
                MATH_DATA      udata   0x000000       data   0x000014
                 .tmpdata      udata   0x000014       data   0x000007
                DELAYDAT2      udata   0x00001b       data   0x000001
                DELAYDAT1      udata   0x00001c       data   0x000001
        .idata_sumovore.o      idata   0x000080       data   0x00000f
           .udata_c018i.o      udata   0x00008f       data   0x00000a
        .udata_sumovore.o      udata   0x000099       data   0x000002
          .idata_stdout.o      idata   0x00009b       data   0x000002
      .idata_interrupts.o      idata   0x00009d       data   0x000001
         .idata_iswdtto.o      idata   0x00009e       data   0x000000
         .udata_iswdtto.o      udata   0x00009e       data   0x000000
           .idata_ispor.o      idata   0x00009e       data   0x000000
           .udata_ispor.o      udata   0x00009e       data   0x000000
           .idata_isbor.o      idata   0x00009e       data   0x000000
           .udata_isbor.o      udata   0x00009e       data   0x000000
          .idata___init.o      idata   0x00009e       data   0x000000
          .udata___init.o      udata   0x00009e       data   0x000000
         .idata_statrst.o      idata   0x00009e       data   0x000000
         .udata_statrst.o      udata   0x00009e       data   0x000000
        .idata_pw2setdc.o      idata   0x00009e       data   0x000000
        .udata_pw2setdc.o      udata   0x00009e       data   0x000000
        .idata_pw1setdc.o      idata   0x00009e       data   0x000000
          .udata_printf.o      udata   0x00009e       data   0x000000
          .idata_printf.o      idata   0x00009e       data   0x000000
          .udata_stdout.o      udata   0x00009e       data   0x000000
        .udata_vfprintf.o      udata   0x00009e       data   0x000000
        .idata_vfprintf.o      idata   0x00009e       data   0x000000
        .udata_fxd3232u.o      udata   0x00009e       data   0x000000
        .idata_fxd3232u.o      idata   0x00009e       data   0x000000
         .udata_fxm3232.o      udata   0x00009e       data   0x000000
         .idata_fxm3232.o      idata   0x00009e       data   0x000000
            .udata_putc.o      udata   0x00009e       data   0x000000
            .idata_putc.o      idata   0x00009e       data   0x000000
      .udata__user_putc.o      udata   0x00009e       data   0x000000
      .idata__user_putc.o      idata   0x00009e       data   0x000000
           .idata_c018i.o      idata   0x00009e       data   0x000000
            .udata_main.o      udata   0x00009e       data   0x000000
            .idata_main.o      idata   0x00009e       data   0x000000
      .udata_interrupts.o      udata   0x00009e       data   0x000000
             .udata_osc.o      udata   0x00009e       data   0x000000
             .idata_osc.o      idata   0x00009e       data   0x000000
.udata_motor_control012.o      udata   0x00009e       data   0x000000
.idata_motor_control012.o      idata   0x00009e       data   0x000000
         .udata_adcbusy.o      udata   0x00009e       data   0x000000
         .idata_adcbusy.o      idata   0x00009e       data   0x000000
         .udata_adcconv.o      udata   0x00009e       data   0x000000
         .idata_adcconv.o      idata   0x00009e       data   0x000000
         .udata_adcopen.o      udata   0x00009e       data   0x000000
         .idata_adcopen.o      idata   0x00009e       data   0x000000
         .udata_pw1open.o      udata   0x00009e       data   0x000000
         .idata_pw1open.o      idata   0x00009e       data   0x000000
         .udata_pw2open.o      udata   0x00009e       data   0x000000
         .idata_pw2open.o      idata   0x00009e       data   0x000000
          .udata_t2open.o      udata   0x00009e       data   0x000000
          .idata_t2open.o      idata   0x00009e       data   0x000000
           .udata_uopen.o      udata   0x00009e       data   0x000000
           .idata_uopen.o      idata   0x00009e       data   0x000000
         .udata_adcread.o      udata   0x00009e       data   0x000000
         .idata_adcread.o      idata   0x00009e       data   0x000000
        .udata_adcsetch.o      udata   0x00009e       data   0x000000
        .idata_adcsetch.o      idata   0x00009e       data   0x000000
        .udata_pw1setdc.o      udata   0x00009e       data   0x000000
                   .stack      udata   0x000e00       data   0x000100
            SFR_UNBANKED0      udata   0x000f80       data   0x000080



                              Program Memory Usage 
                               Start         End      
                           ---------   ---------      
                            0x000000    0x002bbe      
                            0x002bc0    0x002bf2      
                            0x300001    0x300003      
                            0x300005    0x300006      
            11255 out of 50200 program addresses used, program memory utilization is 22%



                              Symbols - Sorted by Name
                     Name    Address   Location    Storage File                     
                ---------  ---------  ---------  --------- ---------                
                  BORtask   0x002240    program     extern E:\Myprojects\back up Robot\sumovore.c
                  BusyADC   0x002bcc    program     extern C:\MCC18\src\pmc_common\ADC\adcbusy.c
               Check_Gaps   0x00046c    program     extern E:\Myprojects\back up Robot\motor_control012.c
               ConvertADC   0x002bdc    program     extern C:\MCC18\src\pmc_common\ADC\adcconv.c
                   D10K_1   0x002a74    program     static C:\MCC18\src\traditional\delays\d10ktcyx.asm
                    D10Kl   0x002a80    program     static C:\MCC18\src\traditional\delays\d10ktcyx.asm
                    D10Kx   0x002a72    program     static C:\MCC18\src\traditional\delays\d10ktcyx.asm
             Delay10KTCYx   0x002a68    program     extern C:\MCC18\src\traditional\delays\d10ktcyx.asm
                 FXD3232U   0x002976    program     extern C:\MCC18\src\traditional\math\fxd3232u.c
                 FXM1616S   0x0028ce    program     extern C:\MCC18\src\traditional\math\fxm1616s.asm
                  FXM3232   0x00265e    program     extern C:\MCC18\src\traditional\math\fxm3232.c
                   LVtrap   0x0022ee    program     extern E:\Myprojects\back up Robot\sumovore.c
                  OpenADC   0x00273e    program     extern C:\MCC18\src\pmc_common\ADC\adcopen.c
                 OpenPWM1   0x002a38    program     extern C:\MCC18\src\pmc_common\PWM\pw1open.c
         OpenPWM1ConfigIO   0x002a64    program     extern C:\MCC18\src\pmc_common\PWM\pw1open.c
                 OpenPWM2   0x0025e8    program     extern C:\MCC18\src\pmc_common\PWM\pw2open.c
               OpenTimer2   0x002a02    program     extern C:\MCC18\src\pmc_common\Timers\t2open.c
                OpenUSART   0x0024da    program     extern C:\MCC18\src\pmc_common\USART\uopen.c
                  PORtask   0x002146    program     extern E:\Myprojects\back up Robot\sumovore.c
                RESETtask   0x0022b2    program     extern E:\Myprojects\back up Robot\sumovore.c
                  ReadADC   0x002b9c    program     extern C:\MCC18\src\pmc_common\ADC\adcread.c
               STKFULtask   0x00228c    program     extern E:\Myprojects\back up Robot\sumovore.c
               SetChanADC   0x002a96    program     extern C:\MCC18\src\pmc_common\ADC\adcsetch.c
                SetDCPWM1   0x002870    program     extern C:\MCC18\src\pmc_common\PWM\pw1setdc.c
                SetDCPWM2   0x002812    program     extern C:\MCC18\src\pmc_common\PWM\pw2setdc.c
              StatusReset   0x002bd6    program     extern C:\MCC18\src\pmc_common\reset\statrst.c
               TSIGN1616A   0x00291a    program     static C:\MCC18\src\traditional\math\fxm1616s.asm
                  WDTtask   0x002268    program     extern E:\Myprojects\back up Robot\sumovore.c
                   _2jEnd   0x0027fc    program     static C:\MCC18\src\traditional\stdclib\slenpgm.asm
       _D10KTCYXCODE_0010   0x002a78    program     static C:\MCC18\src\traditional\delays\d10ktcyx.asm
       _D10KTCYXCODE_001C   0x002a84    program     static C:\MCC18\src\traditional\delays\d10ktcyx.asm
         ___else_lbl00002   0x002624    program     static                          
         ___else_lbl00004   0x002632    program     static                          
         ___else_lbl00035   0x0021f4    program     static                          
         ___else_lbl00047   0x00235c    program     static                          
           ___if_lbl00001   0x002628    program     static                          
           ___if_lbl00003   0x002634    program     static                          
           ___if_lbl00003   0x0029fe    program     static                          
           ___if_lbl00033   0x002216    program     static                          
           ___if_lbl00034   0x002216    program     static                          
           ___if_lbl00045   0x00237c    program     static                          
           ___if_lbl00046   0x00237c    program     static                          
       ___return_lbl00000   0x00000c    program     static                          
       ___return_lbl00000   0x0026cc    program     static                          
       ___return_lbl00000   0x000004    program     static                          
       ___return_lbl00000   0x0029bc    program     static                          
       ___return_lbl00000   0x002a00    program     static                          
       ___return_lbl00000   0x002646    program     static                          
       ___return_lbl00001   0x002b4e    program     static                          
       ___return_lbl00002   0x002440    program     static                          
       ___return_lbl00030   0x00222c    program     static                          
       ___return_lbl00042   0x002390    program     static                          
        ___while_lbl00001   0x0029e4    program     static                          
        ___while_lbl00002   0x002a00    program     static                          
        ___while_lbl00031   0x002192    program     static                          
        ___while_lbl00032   0x00222c    program     static                          
        ___while_lbl00043   0x00232c    program     static                          
        ___while_lbl00044   0x002390    program     static                          
               __config_0   0x300001    program     static E:\Myprojects\back up Robot\sumovore.c
               __config_1   0x300002    program     static E:\Myprojects\back up Robot\sumovore.c
               __config_2   0x300003    program     static E:\Myprojects\back up Robot\sumovore.c
               __config_3   0x300005    program     static E:\Myprojects\back up Robot\sumovore.c
               __config_4   0x300006    program     static E:\Myprojects\back up Robot\sumovore.c
                   __init   0x002be0    program     extern C:\MCC18\src\traditional\stdclib\__init.c
                   __pa_0   0x001b02    program     static C:\MCC18\src\traditional\stdclib\vfprintf.c
                   __pa_1   0x001b0a    program     static C:\MCC18\src\traditional\stdclib\vfprintf.c
                  __pa_10   0x001bbe    program     static C:\MCC18\src\traditional\stdclib\vfprintf.c
                  __pa_11   0x001bcc    program     static C:\MCC18\src\traditional\stdclib\vfprintf.c
                  __pa_12   0x001be2    program     static C:\MCC18\src\traditional\stdclib\vfprintf.c
                  __pa_13   0x001bfc    program     static C:\MCC18\src\traditional\stdclib\vfprintf.c
                  __pa_14   0x001c14    program     static C:\MCC18\src\traditional\stdclib\vfprintf.c
                  __pa_15   0x001c24    program     static C:\MCC18\src\traditional\stdclib\vfprintf.c
                  __pa_16   0x001c3a    program     static C:\MCC18\src\traditional\stdclib\vfprintf.c
                  __pa_17   0x001c4c    program     static C:\MCC18\src\traditional\stdclib\vfprintf.c
                  __pa_18   0x001c5e    program     static C:\MCC18\src\traditional\stdclib\vfprintf.c
                  __pa_19   0x001c68    program     static C:\MCC18\src\traditional\stdclib\vfprintf.c
                   __pa_2   0x001b14    program     static C:\MCC18\src\traditional\stdclib\vfprintf.c
                  __pa_20   0x001c78    program     static C:\MCC18\src\traditional\stdclib\vfprintf.c
                  __pa_21   0x001c88    program     static C:\MCC18\src\traditional\stdclib\vfprintf.c
                  __pa_22   0x001c98    program     static C:\MCC18\src\traditional\stdclib\vfprintf.c
                  __pa_23   0x001ca4    program     static C:\MCC18\src\traditional\stdclib\vfprintf.c
                  __pa_24   0x001cb2    program     static C:\MCC18\src\traditional\stdclib\vfprintf.c
                  __pa_25   0x001cba    program     static C:\MCC18\src\traditional\stdclib\vfprintf.c
                  __pa_26   0x001cc4    program     static C:\MCC18\src\traditional\stdclib\vfprintf.c
                  __pa_27   0x001cce    program     static C:\MCC18\src\traditional\stdclib\vfprintf.c
                  __pa_28   0x001cd6    program     static C:\MCC18\src\traditional\stdclib\vfprintf.c
                  __pa_29   0x001ce4    program     static C:\MCC18\src\traditional\stdclib\vfprintf.c
                   __pa_3   0x001b1e    program     static C:\MCC18\src\traditional\stdclib\vfprintf.c
                  __pa_30   0x001d00    program     static C:\MCC18\src\traditional\stdclib\vfprintf.c
                  __pa_31   0x001d1a    program     static C:\MCC18\src\traditional\stdclib\vfprintf.c
                  __pa_32   0x001d34    program     static C:\MCC18\src\traditional\stdclib\vfprintf.c
                  __pa_33   0x001d4c    program     static C:\MCC18\src\traditional\stdclib\vfprintf.c
                  __pa_34   0x001d56    program     static C:\MCC18\src\traditional\stdclib\vfprintf.c
                  __pa_35   0x001d64    program     static C:\MCC18\src\traditional\stdclib\vfprintf.c
                  __pa_36   0x001d6c    program     static C:\MCC18\src\traditional\stdclib\vfprintf.c
                  __pa_37   0x001d76    program     static C:\MCC18\src\traditional\stdclib\vfprintf.c
                  __pa_38   0x001d86    program     static C:\MCC18\src\traditional\stdclib\vfprintf.c
                  __pa_39   0x001d94    program     static C:\MCC18\src\traditional\stdclib\vfprintf.c
                   __pa_4   0x001b36    program     static C:\MCC18\src\traditional\stdclib\vfprintf.c
                  __pa_40   0x001da0    program     static C:\MCC18\src\traditional\stdclib\vfprintf.c
                  __pa_41   0x001dac    program     static C:\MCC18\src\traditional\stdclib\vfprintf.c
                  __pa_42   0x001db4    program     static C:\MCC18\src\traditional\stdclib\vfprintf.c
                  __pa_43   0x001dbe    program     static C:\MCC18\src\traditional\stdclib\vfprintf.c
                  __pa_44   0x001dc4    program     static C:\MCC18\src\traditional\stdclib\vfprintf.c
                  __pa_45   0x001dce    program     static C:\MCC18\src\traditional\stdclib\vfprintf.c
                  __pa_46   0x001dda    program     static C:\MCC18\src\traditional\stdclib\vfprintf.c
                   __pa_5   0x001b4a    program     static C:\MCC18\src\traditional\stdclib\vfprintf.c
                   __pa_6   0x001b66    program     static C:\MCC18\src\traditional\stdclib\vfprintf.c
                   __pa_7   0x001b70    program     static C:\MCC18\src\traditional\stdclib\vfprintf.c
                   __pa_8   0x001b7c    program     static C:\MCC18\src\traditional\stdclib\vfprintf.c
                   __pa_9   0x001b9e    program     static C:\MCC18\src\traditional\stdclib\vfprintf.c
               __string_0   0x002737    program     static E:\Myprojects\back up Robot\sumovore.c
               __string_0   0x0026ce    program     static E:\Myprojects\back up Robot\main.c
               __string_1   0x002731    program     static E:\Myprojects\back up Robot\sumovore.c
               __string_2   0x002728    program     static E:\Myprojects\back up Robot\sumovore.c
               __string_3   0x00271f    program     static E:\Myprojects\back up Robot\sumovore.c
               __string_4   0x002715    program     static E:\Myprojects\back up Robot\sumovore.c
               __string_5   0x00270e    program     static E:\Myprojects\back up Robot\sumovore.c
              __tmplbl_10   0x0021aa    program     static                          
              __tmplbl_11   0x0021ca    program     static                          
              __tmplbl_12   0x002210    program     static                          
              __tmplbl_13   0x002348    program     static                          
              __tmplbl_14   0x002376    program     static                          
              __tmplbl_42   0x001c98    program     static                          
              __tmplbl_43   0x001ae0    program     static                          
              __tmplbl_44   0x001ac6    program     static                          
              __tmplbl_85   0x001218    program     static                          
            __zero_memory   0x002b14    program     extern C:\MCC18\src\traditional\proc\p18F4525.asm
                _do_cinit   0x0023a4    program     extern C:\MCC18\src\traditional\startup\c018i.c
                   _entry   0x000000    program     extern C:\MCC18\src\traditional\startup\c018i.c
                   _false   0x0029b8    program     static                          
                 _startup   0x002b34    program     extern C:\MCC18\src\traditional\startup\c018i.c
              _usart_putc   0x002b50    program     extern C:\MCC18\src\pmc_common\USART\_usartpc.asm
               _user_putc   0x000006    program     extern C:\MCC18\src\traditional\stdclib\_user_putc.c
                      adc   0x001ff8    program     extern E:\Myprojects\back up Robot\sumovore.c
            check_sensors   0x002024    program     extern E:\Myprojects\back up Robot\sumovore.c
                compare_l   0x002b2a    program     static C:\MCC18\src\traditional\proc\p18F4525.asm
                copy_loop   0x002416    program     static                          
            copy_one_byte   0x00241c    program     static                          
                     done   0x002440    program     static                          
             done_copying   0x00242a    program     static                          
               final_ends   0x000434    program     extern E:\Myprojects\back up Robot\motor_control012.c
                    gtrap   0x002314    program     extern E:\Myprojects\back up Robot\sumovore.c
                 high_isr   0x002ac4    program     extern E:\Myprojects\back up Robot\interrupts.c
             ignore_edges   0x000428    program     extern E:\Myprojects\back up Robot\motor_control012.c
           initialization   0x001de4    program     extern E:\Myprojects\back up Robot\sumovore.c
 interrupt_at_high_vector   0x000008    program     extern E:\Myprojects\back up Robot\interrupts.c
                    isBOR   0x002bc0    program     extern C:\MCC18\src\pmc_common\reset\isbor.c
                    isPOR   0x002b84    program     extern C:\MCC18\src\pmc_common\reset\ispor.c
                  isWDTTO   0x002b6c    program     extern C:\MCC18\src\pmc_common\reset\iswdtto.c
                  isdigit   0x002af0    program     extern C:\MCC18\src\traditional\stdclib\isdigit.asm
                     jEnd   0x0027c6    program     static C:\MCC18\src\traditional\stdclib\strlen.asm
                     jEnd   0x0027fe    program     static C:\MCC18\src\traditional\stdclib\slenpgm.asm
                    jLoop   0x0027e6    program     static C:\MCC18\src\traditional\stdclib\slenpgm.asm
                    jLoop   0x0027bc    program     static C:\MCC18\src\traditional\stdclib\strlen.asm
                   jMatch   0x002b10    program     static C:\MCC18\src\traditional\stdclib\isdigit.asm
                 jNoMatch   0x002b12    program     static C:\MCC18\src\traditional\stdclib\isdigit.asm
   left_right_angle_turns   0x000738    program     extern E:\Myprojects\back up Robot\motor_control012.c
                     loop   0x002b60    program     static C:\MCC18\src\pmc_common\USART\_usartpc.asm
                     loop   0x002984    program     static                          
                     loop   0x002b44    program     static                          
                   loop_h   0x002b22    program     static C:\MCC18\src\traditional\proc\p18F4525.asm
                   loop_l   0x002b2c    program     static C:\MCC18\src\traditional\proc\p18F4525.asm
             lvd_flag_set   0x002aea    program     extern E:\Myprojects\back up Robot\interrupts.c
                     main   0x0029be    program     extern E:\Myprojects\back up Robot\main.c
               merge_left   0x0003c8    program     extern E:\Myprojects\back up Robot\motor_control012.c
              merge_right   0x000394    program     extern E:\Myprojects\back up Robot\motor_control012.c
            motor_control   0x000034    program     extern E:\Myprojects\back up Robot\motor_control012.c
         motors_brake_all   0x001fce    program     extern E:\Myprojects\back up Robot\sumovore.c
                  openLVD   0x0022d6    program     extern E:\Myprojects\back up Robot\sumovore.c
                openPORTA   0x001eb6    program     extern E:\Myprojects\back up Robot\sumovore.c
                openPORTB   0x001ebc    program     extern E:\Myprojects\back up Robot\sumovore.c
          openPORTCforPWM   0x001ea8    program     extern E:\Myprojects\back up Robot\sumovore.c
        openPORTCforUSART   0x001ea2    program     extern E:\Myprojects\back up Robot\sumovore.c
                openPORTD   0x001ec2    program     extern E:\Myprojects\back up Robot\sumovore.c
                openPORTE   0x001ec8    program     extern E:\Myprojects\back up Robot\sumovore.c
                   printf   0x002442    program     extern C:\MCC18\src\traditional\stdclib\printf.c
                     putc   0x002564    program     extern C:\MCC18\src\traditional\stdclib\putc.c
  right_right_angle_turns   0x0004ea    program     extern E:\Myprojects\back up Robot\motor_control012.c
                 s_digits   0x002bae    program     static C:\MCC18\src\traditional\stdclib\vfprintf.c
            s_put_n_chars   0x0011c2    program     static C:\MCC18\src\traditional\stdclib\vfprintf.c
                 set_leds   0x002106    program     extern E:\Myprojects\back up Robot\sumovore.c
          set_motor_speed   0x001ecc    program     extern E:\Myprojects\back up Robot\sumovore.c
            set_osc_32MHz   0x002928    program     extern E:\Myprojects\back up Robot\osc.c
         sharp_left_turns   0x000da0    program     extern E:\Myprojects\back up Robot\motor_control012.c
        sharp_right_turns   0x000986    program     extern E:\Myprojects\back up Robot\motor_control012.c
                spin_left   0x000292    program     extern E:\Myprojects\back up Robot\motor_control012.c
               spin_right   0x00032e    program     extern E:\Myprojects\back up Robot\motor_control012.c
             straight_fwd   0x0002fa    program     extern E:\Myprojects\back up Robot\motor_control012.c
                   strlen   0x0027ac    program     extern C:\MCC18\src\traditional\stdclib\strlen.asm
                strlenpgm   0x0027c8    program     extern C:\MCC18\src\traditional\stdclib\slenpgm.asm
                     test   0x0023be    program     static                          
                 turn_180   0x0003fc    program     extern E:\Myprojects\back up Robot\motor_control012.c
                turn_left   0x0002c6    program     extern E:\Myprojects\back up Robot\motor_control012.c
               turn_right   0x000360    program     extern E:\Myprojects\back up Robot\motor_control012.c
                 vfprintf   0x0011ee    program     extern C:\MCC18\src\traditional\stdclib\vfprintf.c
               zero_block   0x002b22    program     static C:\MCC18\src\traditional\proc\p18F4525.asm
                   ADCON0   0x000fc2       data     extern C:\MCC18\src\traditional\proc\p18F4525.asm
               ADCON0bits   0x000fc2       data     extern C:\MCC18\src\traditional\proc\p18F4525.asm
                   ADCON1   0x000fc1       data     extern C:\MCC18\src\traditional\proc\p18F4525.asm
               ADCON1bits   0x000fc1       data     extern C:\MCC18\src\traditional\proc\p18F4525.asm
                   ADCON2   0x000fc0       data     extern C:\MCC18\src\traditional\proc\p18F4525.asm
               ADCON2bits   0x000fc0       data     extern C:\MCC18\src\traditional\proc\p18F4525.asm
                    ADRES   0x000fc3       data     extern C:\MCC18\src\traditional\proc\p18F4525.asm
                   ADRESH   0x000fc4       data     extern C:\MCC18\src\traditional\proc\p18F4525.asm
                   ADRESL   0x000fc3       data     extern C:\MCC18\src\traditional\proc\p18F4525.asm
                  BAUDCON   0x000fb8       data     extern C:\MCC18\src\traditional\proc\p18F4525.asm
              BAUDCONbits   0x000fb8       data     extern C:\MCC18\src\traditional\proc\p18F4525.asm
                  BAUDCTL   0x000fb8       data     extern C:\MCC18\src\traditional\proc\p18F4525.asm
              BAUDCTLbits   0x000fb8       data     extern C:\MCC18\src\traditional\proc\p18F4525.asm
                      BSR   0x000fe0       data     extern C:\MCC18\src\traditional\proc\p18F4525.asm
                  CCP1CON   0x000fbd       data     extern C:\MCC18\src\traditional\proc\p18F4525.asm
              CCP1CONbits   0x000fbd       data     extern C:\MCC18\src\traditional\proc\p18F4525.asm
                  CCP2CON   0x000fba       data     extern C:\MCC18\src\traditional\proc\p18F4525.asm
              CCP2CONbits   0x000fba       data     extern C:\MCC18\src\traditional\proc\p18F4525.asm
                    CCPR1   0x000fbe       data     extern C:\MCC18\src\traditional\proc\p18F4525.asm
                   CCPR1H   0x000fbf       data     extern C:\MCC18\src\traditional\proc\p18F4525.asm
                   CCPR1L   0x000fbe       data     extern C:\MCC18\src\traditional\proc\p18F4525.asm
                    CCPR2   0x000fbb       data     extern C:\MCC18\src\traditional\proc\p18F4525.asm
                   CCPR2H   0x000fbc       data     extern C:\MCC18\src\traditional\proc\p18F4525.asm
                   CCPR2L   0x000fbb       data     extern C:\MCC18\src\traditional\proc\p18F4525.asm
                    CMCON   0x000fb4       data     extern C:\MCC18\src\traditional\proc\p18F4525.asm
                CMCONbits   0x000fb4       data     extern C:\MCC18\src\traditional\proc\p18F4525.asm
                   CVRCON   0x000fb5       data     extern C:\MCC18\src\traditional\proc\p18F4525.asm
               CVRCONbits   0x000fb5       data     extern C:\MCC18\src\traditional\proc\p18F4525.asm
                     DDRA   0x000f92       data     extern C:\MCC18\src\traditional\proc\p18F4525.asm
                 DDRAbits   0x000f92       data     extern C:\MCC18\src\traditional\proc\p18F4525.asm
                     DDRB   0x000f93       data     extern C:\MCC18\src\traditional\proc\p18F4525.asm
                 DDRBbits   0x000f93       data     extern C:\MCC18\src\traditional\proc\p18F4525.asm
                     DDRC   0x000f94       data     extern C:\MCC18\src\traditional\proc\p18F4525.asm
                 DDRCbits   0x000f94       data     extern C:\MCC18\src\traditional\proc\p18F4525.asm
                     DDRD   0x000f95       data     extern C:\MCC18\src\traditional\proc\p18F4525.asm
                 DDRDbits   0x000f95       data     extern C:\MCC18\src\traditional\proc\p18F4525.asm
                     DDRE   0x000f96       data     extern C:\MCC18\src\traditional\proc\p18F4525.asm
                 DDREbits   0x000f96       data     extern C:\MCC18\src\traditional\proc\p18F4525.asm
                    DEBUG   0x000fd4       data     extern C:\MCC18\src\traditional\proc\p18F4525.asm
            DelayCounter1   0x00001c       data     extern C:\MCC18\src\traditional\delays\delayd1.asm
            DelayCounter2   0x00001b       data     extern C:\MCC18\src\traditional\delays\delayd2.asm
                  ECCP1AS   0x000fb6       data     extern C:\MCC18\src\traditional\proc\p18F4525.asm
              ECCP1ASbits   0x000fb6       data     extern C:\MCC18\src\traditional\proc\p18F4525.asm
                   ECCPAS   0x000fb6       data     extern C:\MCC18\src\traditional\proc\p18F4525.asm
               ECCPASbits   0x000fb6       data     extern C:\MCC18\src\traditional\proc\p18F4525.asm
                    EEADR   0x000fa9       data     extern C:\MCC18\src\traditional\proc\p18F4525.asm
                   EEADRH   0x000faa       data     extern C:\MCC18\src\traditional\proc\p18F4525.asm
                   EECON1   0x000fa6       data     extern C:\MCC18\src\traditional\proc\p18F4525.asm
               EECON1bits   0x000fa6       data     extern C:\MCC18\src\traditional\proc\p18F4525.asm
                   EECON2   0x000fa7       data     extern C:\MCC18\src\traditional\proc\p18F4525.asm
                   EEDATA   0x000fa8       data     extern C:\MCC18\src\traditional\proc\p18F4525.asm
                     FSR0   0x000fe9       data     extern C:\MCC18\src\traditional\proc\p18F4525.asm
                    FSR0H   0x000fea       data     extern C:\MCC18\src\traditional\proc\p18F4525.asm
                    FSR0L   0x000fe9       data     extern C:\MCC18\src\traditional\proc\p18F4525.asm
                     FSR1   0x000fe1       data     extern C:\MCC18\src\traditional\proc\p18F4525.asm
                    FSR1H   0x000fe2       data     extern C:\MCC18\src\traditional\proc\p18F4525.asm
                    FSR1L   0x000fe1       data     extern C:\MCC18\src\traditional\proc\p18F4525.asm
                     FSR2   0x000fd9       data     extern C:\MCC18\src\traditional\proc\p18F4525.asm
                    FSR2H   0x000fda       data     extern C:\MCC18\src\traditional\proc\p18F4525.asm
                    FSR2L   0x000fd9       data     extern C:\MCC18\src\traditional\proc\p18F4525.asm
                  HLVDCON   0x000fd2       data     extern C:\MCC18\src\traditional\proc\p18F4525.asm
              HLVDCONbits   0x000fd2       data     extern C:\MCC18\src\traditional\proc\p18F4525.asm
                    INDF0   0x000fef       data     extern C:\MCC18\src\traditional\proc\p18F4525.asm
                    INDF1   0x000fe7       data     extern C:\MCC18\src\traditional\proc\p18F4525.asm
                    INDF2   0x000fdf       data     extern C:\MCC18\src\traditional\proc\p18F4525.asm
                   INTCON   0x000ff2       data     extern C:\MCC18\src\traditional\proc\p18F4525.asm
                  INTCON2   0x000ff1       data     extern C:\MCC18\src\traditional\proc\p18F4525.asm
              INTCON2bits   0x000ff1       data     extern C:\MCC18\src\traditional\proc\p18F4525.asm
                  INTCON3   0x000ff0       data     extern C:\MCC18\src\traditional\proc\p18F4525.asm
              INTCON3bits   0x000ff0       data     extern C:\MCC18\src\traditional\proc\p18F4525.asm
               INTCONbits   0x000ff2       data     extern C:\MCC18\src\traditional\proc\p18F4525.asm
                     IPR1   0x000f9f       data     extern C:\MCC18\src\traditional\proc\p18F4525.asm
                 IPR1bits   0x000f9f       data     extern C:\MCC18\src\traditional\proc\p18F4525.asm
                     IPR2   0x000fa2       data     extern C:\MCC18\src\traditional\proc\p18F4525.asm
                 IPR2bits   0x000fa2       data     extern C:\MCC18\src\traditional\proc\p18F4525.asm
                     LATA   0x000f89       data     extern C:\MCC18\src\traditional\proc\p18F4525.asm
                 LATAbits   0x000f89       data     extern C:\MCC18\src\traditional\proc\p18F4525.asm
                     LATB   0x000f8a       data     extern C:\MCC18\src\traditional\proc\p18F4525.asm
                 LATBbits   0x000f8a       data     extern C:\MCC18\src\traditional\proc\p18F4525.asm
                     LATC   0x000f8b       data     extern C:\MCC18\src\traditional\proc\p18F4525.asm
                 LATCbits   0x000f8b       data     extern C:\MCC18\src\traditional\proc\p18F4525.asm
                     LATD   0x000f8c       data     extern C:\MCC18\src\traditional\proc\p18F4525.asm
                 LATDbits   0x000f8c       data     extern C:\MCC18\src\traditional\proc\p18F4525.asm
                     LATE   0x000f8d       data     extern C:\MCC18\src\traditional\proc\p18F4525.asm
                 LATEbits   0x000f8d       data     extern C:\MCC18\src\traditional\proc\p18F4525.asm
                   LVDCON   0x000fd2       data     extern C:\MCC18\src\traditional\proc\p18F4525.asm
               LVDCONbits   0x000fd2       data     extern C:\MCC18\src\traditional\proc\p18F4525.asm
                   OSCCON   0x000fd3       data     extern C:\MCC18\src\traditional\proc\p18F4525.asm
               OSCCONbits   0x000fd3       data     extern C:\MCC18\src\traditional\proc\p18F4525.asm
                  OSCTUNE   0x000f9b       data     extern C:\MCC18\src\traditional\proc\p18F4525.asm
              OSCTUNEbits   0x000f9b       data     extern C:\MCC18\src\traditional\proc\p18F4525.asm
                       PC   0x000ff9       data     extern C:\MCC18\src\traditional\proc\p18F4525.asm
                      PCL   0x000ff9       data     extern C:\MCC18\src\traditional\proc\p18F4525.asm
                   PCLATH   0x000ffa       data     extern C:\MCC18\src\traditional\proc\p18F4525.asm
                   PCLATU   0x000ffb       data     extern C:\MCC18\src\traditional\proc\p18F4525.asm
                     PIE1   0x000f9d       data     extern C:\MCC18\src\traditional\proc\p18F4525.asm
                 PIE1bits   0x000f9d       data     extern C:\MCC18\src\traditional\proc\p18F4525.asm
                     PIE2   0x000fa0       data     extern C:\MCC18\src\traditional\proc\p18F4525.asm
                 PIE2bits   0x000fa0       data     extern C:\MCC18\src\traditional\proc\p18F4525.asm
                     PIR1   0x000f9e       data     extern C:\MCC18\src\traditional\proc\p18F4525.asm
                 PIR1bits   0x000f9e       data     extern C:\MCC18\src\traditional\proc\p18F4525.asm
                     PIR2   0x000fa1       data     extern C:\MCC18\src\traditional\proc\p18F4525.asm
                 PIR2bits   0x000fa1       data     extern C:\MCC18\src\traditional\proc\p18F4525.asm
                   PLUSW0   0x000feb       data     extern C:\MCC18\src\traditional\proc\p18F4525.asm
                   PLUSW1   0x000fe3       data     extern C:\MCC18\src\traditional\proc\p18F4525.asm
                   PLUSW2   0x000fdb       data     extern C:\MCC18\src\traditional\proc\p18F4525.asm
                    PORTA   0x000f80       data     extern C:\MCC18\src\traditional\proc\p18F4525.asm
                PORTAbits   0x000f80       data     extern C:\MCC18\src\traditional\proc\p18F4525.asm
                    PORTB   0x000f81       data     extern C:\MCC18\src\traditional\proc\p18F4525.asm
                PORTBbits   0x000f81       data     extern C:\MCC18\src\traditional\proc\p18F4525.asm
                    PORTC   0x000f82       data     extern C:\MCC18\src\traditional\proc\p18F4525.asm
                PORTCbits   0x000f82       data     extern C:\MCC18\src\traditional\proc\p18F4525.asm
                    PORTD   0x000f83       data     extern C:\MCC18\src\traditional\proc\p18F4525.asm
                PORTDbits   0x000f83       data     extern C:\MCC18\src\traditional\proc\p18F4525.asm
                    PORTE   0x000f84       data     extern C:\MCC18\src\traditional\proc\p18F4525.asm
                PORTEbits   0x000f84       data     extern C:\MCC18\src\traditional\proc\p18F4525.asm
                 POSTDEC0   0x000fed       data     extern C:\MCC18\src\traditional\proc\p18F4525.asm
                 POSTDEC1   0x000fe5       data     extern C:\MCC18\src\traditional\proc\p18F4525.asm
                 POSTDEC2   0x000fdd       data     extern C:\MCC18\src\traditional\proc\p18F4525.asm
                 POSTINC0   0x000fee       data     extern C:\MCC18\src\traditional\proc\p18F4525.asm
                 POSTINC1   0x000fe6       data     extern C:\MCC18\src\traditional\proc\p18F4525.asm
                 POSTINC2   0x000fde       data     extern C:\MCC18\src\traditional\proc\p18F4525.asm
                      PR2   0x000fcb       data     extern C:\MCC18\src\traditional\proc\p18F4525.asm
                  PREINC0   0x000fec       data     extern C:\MCC18\src\traditional\proc\p18F4525.asm
                  PREINC1   0x000fe4       data     extern C:\MCC18\src\traditional\proc\p18F4525.asm
                  PREINC2   0x000fdc       data     extern C:\MCC18\src\traditional\proc\p18F4525.asm
                     PROD   0x000ff3       data     extern C:\MCC18\src\traditional\proc\p18F4525.asm
                    PRODH   0x000ff4       data     extern C:\MCC18\src\traditional\proc\p18F4525.asm
                    PRODL   0x000ff3       data     extern C:\MCC18\src\traditional\proc\p18F4525.asm
                  PWM1CON   0x000fb7       data     extern C:\MCC18\src\traditional\proc\p18F4525.asm
              PWM1CONbits   0x000fb7       data     extern C:\MCC18\src\traditional\proc\p18F4525.asm
                     RCON   0x000fd0       data     extern C:\MCC18\src\traditional\proc\p18F4525.asm
                 RCONbits   0x000fd0       data     extern C:\MCC18\src\traditional\proc\p18F4525.asm
                    RCREG   0x000fae       data     extern C:\MCC18\src\traditional\proc\p18F4525.asm
                    RCSTA   0x000fab       data     extern C:\MCC18\src\traditional\proc\p18F4525.asm
                RCSTAbits   0x000fab       data     extern C:\MCC18\src\traditional\proc\p18F4525.asm
                     SIGN   0x000000       data     extern C:\MCC18\src\traditional\math\cmath18.asm
                    SPBRG   0x000faf       data     extern C:\MCC18\src\traditional\proc\p18F4525.asm
                   SPBRGH   0x000fb0       data     extern C:\MCC18\src\traditional\proc\p18F4525.asm
                   SSPADD   0x000fc8       data     extern C:\MCC18\src\traditional\proc\p18F4525.asm
                   SSPBUF   0x000fc9       data     extern C:\MCC18\src\traditional\proc\p18F4525.asm
                  SSPCON1   0x000fc6       data     extern C:\MCC18\src\traditional\proc\p18F4525.asm
              SSPCON1bits   0x000fc6       data     extern C:\MCC18\src\traditional\proc\p18F4525.asm
                  SSPCON2   0x000fc5       data     extern C:\MCC18\src\traditional\proc\p18F4525.asm
              SSPCON2bits   0x000fc5       data     extern C:\MCC18\src\traditional\proc\p18F4525.asm
                  SSPSTAT   0x000fc7       data     extern C:\MCC18\src\traditional\proc\p18F4525.asm
              SSPSTATbits   0x000fc7       data     extern C:\MCC18\src\traditional\proc\p18F4525.asm
                   STATUS   0x000fd8       data     extern C:\MCC18\src\traditional\proc\p18F4525.asm
               STATUSbits   0x000fd8       data     extern C:\MCC18\src\traditional\proc\p18F4525.asm
                   STKPTR   0x000ffc       data     extern C:\MCC18\src\traditional\proc\p18F4525.asm
               STKPTRbits   0x000ffc       data     extern C:\MCC18\src\traditional\proc\p18F4525.asm
                  SeeLine   0x000080       data     extern E:\Myprojects\back up Robot\sumovore.c
                    T0CON   0x000fd5       data     extern C:\MCC18\src\traditional\proc\p18F4525.asm
                T0CONbits   0x000fd5       data     extern C:\MCC18\src\traditional\proc\p18F4525.asm
                    T1CON   0x000fcd       data     extern C:\MCC18\src\traditional\proc\p18F4525.asm
                T1CONbits   0x000fcd       data     extern C:\MCC18\src\traditional\proc\p18F4525.asm
                    T2CON   0x000fca       data     extern C:\MCC18\src\traditional\proc\p18F4525.asm
                T2CONbits   0x000fca       data     extern C:\MCC18\src\traditional\proc\p18F4525.asm
                    T3CON   0x000fb1       data     extern C:\MCC18\src\traditional\proc\p18F4525.asm
                T3CONbits   0x000fb1       data     extern C:\MCC18\src\traditional\proc\p18F4525.asm
                   TABLAT   0x000ff5       data     extern C:\MCC18\src\traditional\proc\p18F4525.asm
                   TBLPTR   0x000ff6       data     extern C:\MCC18\src\traditional\proc\p18F4525.asm
                  TBLPTRH   0x000ff7       data     extern C:\MCC18\src\traditional\proc\p18F4525.asm
                  TBLPTRL   0x000ff6       data     extern C:\MCC18\src\traditional\proc\p18F4525.asm
                  TBLPTRU   0x000ff8       data     extern C:\MCC18\src\traditional\proc\p18F4525.asm
                    TMR0H   0x000fd7       data     extern C:\MCC18\src\traditional\proc\p18F4525.asm
                    TMR0L   0x000fd6       data     extern C:\MCC18\src\traditional\proc\p18F4525.asm
                    TMR1H   0x000fcf       data     extern C:\MCC18\src\traditional\proc\p18F4525.asm
                    TMR1L   0x000fce       data     extern C:\MCC18\src\traditional\proc\p18F4525.asm
                     TMR2   0x000fcc       data     extern C:\MCC18\src\traditional\proc\p18F4525.asm
                    TMR3H   0x000fb3       data     extern C:\MCC18\src\traditional\proc\p18F4525.asm
                    TMR3L   0x000fb2       data     extern C:\MCC18\src\traditional\proc\p18F4525.asm
                      TOS   0x000ffd       data     extern C:\MCC18\src\traditional\proc\p18F4525.asm
                     TOSH   0x000ffe       data     extern C:\MCC18\src\traditional\proc\p18F4525.asm
                     TOSL   0x000ffd       data     extern C:\MCC18\src\traditional\proc\p18F4525.asm
                     TOSU   0x000fff       data     extern C:\MCC18\src\traditional\proc\p18F4525.asm
                    TRISA   0x000f92       data     extern C:\MCC18\src\traditional\proc\p18F4525.asm
                TRISAbits   0x000f92       data     extern C:\MCC18\src\traditional\proc\p18F4525.asm
                    TRISB   0x000f93       data     extern C:\MCC18\src\traditional\proc\p18F4525.asm
                TRISBbits   0x000f93       data     extern C:\MCC18\src\traditional\proc\p18F4525.asm
                    TRISC   0x000f94       data     extern C:\MCC18\src\traditional\proc\p18F4525.asm
                TRISCbits   0x000f94       data     extern C:\MCC18\src\traditional\proc\p18F4525.asm
                    TRISD   0x000f95       data     extern C:\MCC18\src\traditional\proc\p18F4525.asm
                TRISDbits   0x000f95       data     extern C:\MCC18\src\traditional\proc\p18F4525.asm
                    TRISE   0x000f96       data     extern C:\MCC18\src\traditional\proc\p18F4525.asm
                TRISEbits   0x000f96       data     extern C:\MCC18\src\traditional\proc\p18F4525.asm
                    TXREG   0x000fad       data     extern C:\MCC18\src\traditional\proc\p18F4525.asm
                    TXSTA   0x000fac       data     extern C:\MCC18\src\traditional\proc\p18F4525.asm
                TXSTAbits   0x000fac       data     extern C:\MCC18\src\traditional\proc\p18F4525.asm
                        W   0x000fe8       data     extern C:\MCC18\src\traditional\proc\p18F4525.asm
                   WDTCON   0x000fd1       data     extern C:\MCC18\src\traditional\proc\p18F4525.asm
               WDTCONbits   0x000fd1       data     extern C:\MCC18\src\traditional\proc\p18F4525.asm
                     WREG   0x000fe8       data     extern C:\MCC18\src\traditional\proc\p18F4525.asm
                 __AARGB0   0x000009       data     extern C:\MCC18\src\traditional\math\aarg.asm
                 __AARGB1   0x000008       data     extern C:\MCC18\src\traditional\math\aarg.asm
                 __AARGB2   0x000007       data     extern C:\MCC18\src\traditional\math\aarg.asm
                 __AARGB3   0x000006       data     extern C:\MCC18\src\traditional\math\aarg.asm
                 __AARGB4   0x000005       data     extern C:\MCC18\src\traditional\math\aarg.asm
                 __AARGB5   0x000004       data     extern C:\MCC18\src\traditional\math\aarg.asm
                 __AARGB6   0x000003       data     extern C:\MCC18\src\traditional\math\aarg.asm
                 __AARGB7   0x000002       data     extern C:\MCC18\src\traditional\math\aarg.asm
                   __AEXP   0x00000a       data     extern C:\MCC18\src\traditional\math\aarg.asm
                 __BARGB0   0x00000e       data     extern C:\MCC18\src\traditional\math\barg.asm
                 __BARGB1   0x00000d       data     extern C:\MCC18\src\traditional\math\barg.asm
                 __BARGB2   0x00000c       data     extern C:\MCC18\src\traditional\math\barg.asm
                 __BARGB3   0x00000b       data     extern C:\MCC18\src\traditional\math\barg.asm
                   __BEXP   0x00000f       data     extern C:\MCC18\src\traditional\math\barg.asm
                __FPFLAGS   0x000001       data     extern C:\MCC18\src\traditional\math\cmath18.asm
            __FPFLAGSbits   0x000001       data     extern C:\MCC18\src\traditional\math\cmath18.asm
                  __REMB0   0x000005       data     extern C:\MCC18\src\traditional\math\aarg.asm
                  __REMB1   0x000004       data     extern C:\MCC18\src\traditional\math\aarg.asm
                  __REMB2   0x000003       data     extern C:\MCC18\src\traditional\math\aarg.asm
                  __REMB3   0x000002       data     extern C:\MCC18\src\traditional\math\aarg.asm
                   __TEMP   0x000013       data     extern C:\MCC18\src\traditional\math\temparg.asm
                 __TEMPB0   0x000013       data     extern C:\MCC18\src\traditional\math\temparg.asm
                 __TEMPB1   0x000012       data     extern C:\MCC18\src\traditional\math\temparg.asm
                 __TEMPB2   0x000011       data     extern C:\MCC18\src\traditional\math\temparg.asm
                 __TEMPB3   0x000010       data     extern C:\MCC18\src\traditional\math\temparg.asm
                  __tmp_0   0x000014       data     static C:\MCC18\src\traditional\stdclib\vfprintf.c
                  __tmp_0   0x000014       data     static C:\MCC18\src\traditional\stdclib\printf.c
                  __tmp_0   0x000014       data     static C:\MCC18\src\traditional\stdclib\putc.c
                  __tmp_0   0x000014       data     static C:\MCC18\src\pmc_common\PWM\pw2setdc.c
                  __tmp_0   0x000014       data     static C:\MCC18\src\pmc_common\PWM\pw1setdc.c
                  __tmp_0   0x000014       data     static C:\MCC18\src\pmc_common\ADC\adcsetch.c
                  __tmp_0   0x000014       data     static C:\MCC18\src\pmc_common\ADC\adcread.c
                  __tmp_0   0x000014       data     static C:\MCC18\src\pmc_common\USART\uopen.c
                  __tmp_0   0x000014       data     static C:\MCC18\src\pmc_common\ADC\adcopen.c
                  __tmp_0   0x000014       data     static E:\Myprojects\back up Robot\motor_control012.c
                  __tmp_0   0x000014       data     static E:\Myprojects\back up Robot\osc.c
                  __tmp_0   0x000014       data     static E:\Myprojects\back up Robot\sumovore.c
                curr_byte   0x000092       data     static C:\MCC18\src\traditional\startup\c018i.c
               curr_entry   0x000094       data     static C:\MCC18\src\traditional\startup\c018i.c
                 data_ptr   0x000096       data     static C:\MCC18\src\traditional\startup\c018i.c
                 lvd_flag   0x00009d       data     static E:\Myprojects\back up Robot\interrupts.c
             motor_speeds   0x000081       data     static E:\Myprojects\back up Robot\sumovore.c
                     prom   0x00008f       data     static C:\MCC18\src\traditional\startup\c018i.c
                   stdout   0x00009b       data     extern C:\MCC18\src\traditional\stdclib\stdout.c
                threshold   0x000099       data     extern E:\Myprojects\back up Robot\sumovore.c



                              Symbols - Sorted by Address
                     Name    Address   Location    Storage File                     
                ---------  ---------  ---------  --------- ---------                
                   _entry   0x000000    program     extern C:\MCC18\src\traditional\startup\c018i.c
       ___return_lbl00000   0x000004    program     static                          
               _user_putc   0x000006    program     extern C:\MCC18\src\traditional\stdclib\_user_putc.c
 interrupt_at_high_vector   0x000008    program     extern E:\Myprojects\back up Robot\interrupts.c
       ___return_lbl00000   0x00000c    program     static                          
            motor_control   0x000034    program     extern E:\Myprojects\back up Robot\motor_control012.c
                spin_left   0x000292    program     extern E:\Myprojects\back up Robot\motor_control012.c
                turn_left   0x0002c6    program     extern E:\Myprojects\back up Robot\motor_control012.c
             straight_fwd   0x0002fa    program     extern E:\Myprojects\back up Robot\motor_control012.c
               spin_right   0x00032e    program     extern E:\Myprojects\back up Robot\motor_control012.c
               turn_right   0x000360    program     extern E:\Myprojects\back up Robot\motor_control012.c
              merge_right   0x000394    program     extern E:\Myprojects\back up Robot\motor_control012.c
               merge_left   0x0003c8    program     extern E:\Myprojects\back up Robot\motor_control012.c
                 turn_180   0x0003fc    program     extern E:\Myprojects\back up Robot\motor_control012.c
             ignore_edges   0x000428    program     extern E:\Myprojects\back up Robot\motor_control012.c
               final_ends   0x000434    program     extern E:\Myprojects\back up Robot\motor_control012.c
               Check_Gaps   0x00046c    program     extern E:\Myprojects\back up Robot\motor_control012.c
  right_right_angle_turns   0x0004ea    program     extern E:\Myprojects\back up Robot\motor_control012.c
   left_right_angle_turns   0x000738    program     extern E:\Myprojects\back up Robot\motor_control012.c
        sharp_right_turns   0x000986    program     extern E:\Myprojects\back up Robot\motor_control012.c
         sharp_left_turns   0x000da0    program     extern E:\Myprojects\back up Robot\motor_control012.c
            s_put_n_chars   0x0011c2    program     static C:\MCC18\src\traditional\stdclib\vfprintf.c
                 vfprintf   0x0011ee    program     extern C:\MCC18\src\traditional\stdclib\vfprintf.c
              __tmplbl_85   0x001218    program     static                          
              __tmplbl_44   0x001ac6    program     static                          
              __tmplbl_43   0x001ae0    program     static                          
                   __pa_0   0x001b02    program     static C:\MCC18\src\traditional\stdclib\vfprintf.c
                   __pa_1   0x001b0a    program     static C:\MCC18\src\traditional\stdclib\vfprintf.c
                   __pa_2   0x001b14    program     static C:\MCC18\src\traditional\stdclib\vfprintf.c
                   __pa_3   0x001b1e    program     static C:\MCC18\src\traditional\stdclib\vfprintf.c
                   __pa_4   0x001b36    program     static C:\MCC18\src\traditional\stdclib\vfprintf.c
                   __pa_5   0x001b4a    program     static C:\MCC18\src\traditional\stdclib\vfprintf.c
                   __pa_6   0x001b66    program     static C:\MCC18\src\traditional\stdclib\vfprintf.c
                   __pa_7   0x001b70    program     static C:\MCC18\src\traditional\stdclib\vfprintf.c
                   __pa_8   0x001b7c    program     static C:\MCC18\src\traditional\stdclib\vfprintf.c
                   __pa_9   0x001b9e    program     static C:\MCC18\src\traditional\stdclib\vfprintf.c
                  __pa_10   0x001bbe    program     static C:\MCC18\src\traditional\stdclib\vfprintf.c
                  __pa_11   0x001bcc    program     static C:\MCC18\src\traditional\stdclib\vfprintf.c
                  __pa_12   0x001be2    program     static C:\MCC18\src\traditional\stdclib\vfprintf.c
                  __pa_13   0x001bfc    program     static C:\MCC18\src\traditional\stdclib\vfprintf.c
                  __pa_14   0x001c14    program     static C:\MCC18\src\traditional\stdclib\vfprintf.c
                  __pa_15   0x001c24    program     static C:\MCC18\src\traditional\stdclib\vfprintf.c
                  __pa_16   0x001c3a    program     static C:\MCC18\src\traditional\stdclib\vfprintf.c
                  __pa_17   0x001c4c    program     static C:\MCC18\src\traditional\stdclib\vfprintf.c
                  __pa_18   0x001c5e    program     static C:\MCC18\src\traditional\stdclib\vfprintf.c
                  __pa_19   0x001c68    program     static C:\MCC18\src\traditional\stdclib\vfprintf.c
                  __pa_20   0x001c78    program     static C:\MCC18\src\traditional\stdclib\vfprintf.c
                  __pa_21   0x001c88    program     static C:\MCC18\src\traditional\stdclib\vfprintf.c
              __tmplbl_42   0x001c98    program     static                          
                  __pa_22   0x001c98    program     static C:\MCC18\src\traditional\stdclib\vfprintf.c
                  __pa_23   0x001ca4    program     static C:\MCC18\src\traditional\stdclib\vfprintf.c
                  __pa_24   0x001cb2    program     static C:\MCC18\src\traditional\stdclib\vfprintf.c
                  __pa_25   0x001cba    program     static C:\MCC18\src\traditional\stdclib\vfprintf.c
                  __pa_26   0x001cc4    program     static C:\MCC18\src\traditional\stdclib\vfprintf.c
                  __pa_27   0x001cce    program     static C:\MCC18\src\traditional\stdclib\vfprintf.c
                  __pa_28   0x001cd6    program     static C:\MCC18\src\traditional\stdclib\vfprintf.c
                  __pa_29   0x001ce4    program     static C:\MCC18\src\traditional\stdclib\vfprintf.c
                  __pa_30   0x001d00    program     static C:\MCC18\src\traditional\stdclib\vfprintf.c
                  __pa_31   0x001d1a    program     static C:\MCC18\src\traditional\stdclib\vfprintf.c
                  __pa_32   0x001d34    program     static C:\MCC18\src\traditional\stdclib\vfprintf.c
                  __pa_33   0x001d4c    program     static C:\MCC18\src\traditional\stdclib\vfprintf.c
                  __pa_34   0x001d56    program     static C:\MCC18\src\traditional\stdclib\vfprintf.c
                  __pa_35   0x001d64    program     static C:\MCC18\src\traditional\stdclib\vfprintf.c
                  __pa_36   0x001d6c    program     static C:\MCC18\src\traditional\stdclib\vfprintf.c
                  __pa_37   0x001d76    program     static C:\MCC18\src\traditional\stdclib\vfprintf.c
                  __pa_38   0x001d86    program     static C:\MCC18\src\traditional\stdclib\vfprintf.c
                  __pa_39   0x001d94    program     static C:\MCC18\src\traditional\stdclib\vfprintf.c
                  __pa_40   0x001da0    program     static C:\MCC18\src\traditional\stdclib\vfprintf.c
                  __pa_41   0x001dac    program     static C:\MCC18\src\traditional\stdclib\vfprintf.c
                  __pa_42   0x001db4    program     static C:\MCC18\src\traditional\stdclib\vfprintf.c
                  __pa_43   0x001dbe    program     static C:\MCC18\src\traditional\stdclib\vfprintf.c
                  __pa_44   0x001dc4    program     static C:\MCC18\src\traditional\stdclib\vfprintf.c
                  __pa_45   0x001dce    program     static C:\MCC18\src\traditional\stdclib\vfprintf.c
                  __pa_46   0x001dda    program     static C:\MCC18\src\traditional\stdclib\vfprintf.c
           initialization   0x001de4    program     extern E:\Myprojects\back up Robot\sumovore.c
        openPORTCforUSART   0x001ea2    program     extern E:\Myprojects\back up Robot\sumovore.c
          openPORTCforPWM   0x001ea8    program     extern E:\Myprojects\back up Robot\sumovore.c
                openPORTA   0x001eb6    program     extern E:\Myprojects\back up Robot\sumovore.c
                openPORTB   0x001ebc    program     extern E:\Myprojects\back up Robot\sumovore.c
                openPORTD   0x001ec2    program     extern E:\Myprojects\back up Robot\sumovore.c
                openPORTE   0x001ec8    program     extern E:\Myprojects\back up Robot\sumovore.c
          set_motor_speed   0x001ecc    program     extern E:\Myprojects\back up Robot\sumovore.c
         motors_brake_all   0x001fce    program     extern E:\Myprojects\back up Robot\sumovore.c
                      adc   0x001ff8    program     extern E:\Myprojects\back up Robot\sumovore.c
            check_sensors   0x002024    program     extern E:\Myprojects\back up Robot\sumovore.c
                 set_leds   0x002106    program     extern E:\Myprojects\back up Robot\sumovore.c
                  PORtask   0x002146    program     extern E:\Myprojects\back up Robot\sumovore.c
        ___while_lbl00031   0x002192    program     static                          
              __tmplbl_10   0x0021aa    program     static                          
              __tmplbl_11   0x0021ca    program     static                          
         ___else_lbl00035   0x0021f4    program     static                          
              __tmplbl_12   0x002210    program     static                          
           ___if_lbl00034   0x002216    program     static                          
           ___if_lbl00033   0x002216    program     static                          
        ___while_lbl00032   0x00222c    program     static                          
       ___return_lbl00030   0x00222c    program     static                          
                  BORtask   0x002240    program     extern E:\Myprojects\back up Robot\sumovore.c
                  WDTtask   0x002268    program     extern E:\Myprojects\back up Robot\sumovore.c
               STKFULtask   0x00228c    program     extern E:\Myprojects\back up Robot\sumovore.c
                RESETtask   0x0022b2    program     extern E:\Myprojects\back up Robot\sumovore.c
                  openLVD   0x0022d6    program     extern E:\Myprojects\back up Robot\sumovore.c
                   LVtrap   0x0022ee    program     extern E:\Myprojects\back up Robot\sumovore.c
                    gtrap   0x002314    program     extern E:\Myprojects\back up Robot\sumovore.c
        ___while_lbl00043   0x00232c    program     static                          
              __tmplbl_13   0x002348    program     static                          
         ___else_lbl00047   0x00235c    program     static                          
              __tmplbl_14   0x002376    program     static                          
           ___if_lbl00046   0x00237c    program     static                          
           ___if_lbl00045   0x00237c    program     static                          
       ___return_lbl00042   0x002390    program     static                          
        ___while_lbl00044   0x002390    program     static                          
                _do_cinit   0x0023a4    program     extern C:\MCC18\src\traditional\startup\c018i.c
                     test   0x0023be    program     static                          
                copy_loop   0x002416    program     static                          
            copy_one_byte   0x00241c    program     static                          
             done_copying   0x00242a    program     static                          
                     done   0x002440    program     static                          
       ___return_lbl00002   0x002440    program     static                          
                   printf   0x002442    program     extern C:\MCC18\src\traditional\stdclib\printf.c
                OpenUSART   0x0024da    program     extern C:\MCC18\src\pmc_common\USART\uopen.c
                     putc   0x002564    program     extern C:\MCC18\src\traditional\stdclib\putc.c
                 OpenPWM2   0x0025e8    program     extern C:\MCC18\src\pmc_common\PWM\pw2open.c
         ___else_lbl00002   0x002624    program     static                          
           ___if_lbl00001   0x002628    program     static                          
         ___else_lbl00004   0x002632    program     static                          
           ___if_lbl00003   0x002634    program     static                          
       ___return_lbl00000   0x002646    program     static                          
                  FXM3232   0x00265e    program     extern C:\MCC18\src\traditional\math\fxm3232.c
       ___return_lbl00000   0x0026cc    program     static                          
               __string_0   0x0026ce    program     static E:\Myprojects\back up Robot\main.c
               __string_5   0x00270e    program     static E:\Myprojects\back up Robot\sumovore.c
               __string_4   0x002715    program     static E:\Myprojects\back up Robot\sumovore.c
               __string_3   0x00271f    program     static E:\Myprojects\back up Robot\sumovore.c
               __string_2   0x002728    program     static E:\Myprojects\back up Robot\sumovore.c
               __string_1   0x002731    program     static E:\Myprojects\back up Robot\sumovore.c
               __string_0   0x002737    program     static E:\Myprojects\back up Robot\sumovore.c
                  OpenADC   0x00273e    program     extern C:\MCC18\src\pmc_common\ADC\adcopen.c
                   strlen   0x0027ac    program     extern C:\MCC18\src\traditional\stdclib\strlen.asm
                    jLoop   0x0027bc    program     static C:\MCC18\src\traditional\stdclib\strlen.asm
                     jEnd   0x0027c6    program     static C:\MCC18\src\traditional\stdclib\strlen.asm
                strlenpgm   0x0027c8    program     extern C:\MCC18\src\traditional\stdclib\slenpgm.asm
                    jLoop   0x0027e6    program     static C:\MCC18\src\traditional\stdclib\slenpgm.asm
                   _2jEnd   0x0027fc    program     static C:\MCC18\src\traditional\stdclib\slenpgm.asm
                     jEnd   0x0027fe    program     static C:\MCC18\src\traditional\stdclib\slenpgm.asm
                SetDCPWM2   0x002812    program     extern C:\MCC18\src\pmc_common\PWM\pw2setdc.c
                SetDCPWM1   0x002870    program     extern C:\MCC18\src\pmc_common\PWM\pw1setdc.c
                 FXM1616S   0x0028ce    program     extern C:\MCC18\src\traditional\math\fxm1616s.asm
               TSIGN1616A   0x00291a    program     static C:\MCC18\src\traditional\math\fxm1616s.asm
            set_osc_32MHz   0x002928    program     extern E:\Myprojects\back up Robot\osc.c
                 FXD3232U   0x002976    program     extern C:\MCC18\src\traditional\math\fxd3232u.c
                     loop   0x002984    program     static                          
                   _false   0x0029b8    program     static                          
       ___return_lbl00000   0x0029bc    program     static                          
                     main   0x0029be    program     extern E:\Myprojects\back up Robot\main.c
        ___while_lbl00001   0x0029e4    program     static                          
           ___if_lbl00003   0x0029fe    program     static                          
        ___while_lbl00002   0x002a00    program     static                          
       ___return_lbl00000   0x002a00    program     static                          
               OpenTimer2   0x002a02    program     extern C:\MCC18\src\pmc_common\Timers\t2open.c
                 OpenPWM1   0x002a38    program     extern C:\MCC18\src\pmc_common\PWM\pw1open.c
         OpenPWM1ConfigIO   0x002a64    program     extern C:\MCC18\src\pmc_common\PWM\pw1open.c
             Delay10KTCYx   0x002a68    program     extern C:\MCC18\src\traditional\delays\d10ktcyx.asm
                    D10Kx   0x002a72    program     static C:\MCC18\src\traditional\delays\d10ktcyx.asm
                   D10K_1   0x002a74    program     static C:\MCC18\src\traditional\delays\d10ktcyx.asm
       _D10KTCYXCODE_0010   0x002a78    program     static C:\MCC18\src\traditional\delays\d10ktcyx.asm
                    D10Kl   0x002a80    program     static C:\MCC18\src\traditional\delays\d10ktcyx.asm
       _D10KTCYXCODE_001C   0x002a84    program     static C:\MCC18\src\traditional\delays\d10ktcyx.asm
               SetChanADC   0x002a96    program     extern C:\MCC18\src\pmc_common\ADC\adcsetch.c
                 high_isr   0x002ac4    program     extern E:\Myprojects\back up Robot\interrupts.c
             lvd_flag_set   0x002aea    program     extern E:\Myprojects\back up Robot\interrupts.c
                  isdigit   0x002af0    program     extern C:\MCC18\src\traditional\stdclib\isdigit.asm
                   jMatch   0x002b10    program     static C:\MCC18\src\traditional\stdclib\isdigit.asm
                 jNoMatch   0x002b12    program     static C:\MCC18\src\traditional\stdclib\isdigit.asm
            __zero_memory   0x002b14    program     extern C:\MCC18\src\traditional\proc\p18F4525.asm
               zero_block   0x002b22    program     static C:\MCC18\src\traditional\proc\p18F4525.asm
                   loop_h   0x002b22    program     static C:\MCC18\src\traditional\proc\p18F4525.asm
                compare_l   0x002b2a    program     static C:\MCC18\src\traditional\proc\p18F4525.asm
                   loop_l   0x002b2c    program     static C:\MCC18\src\traditional\proc\p18F4525.asm
                 _startup   0x002b34    program     extern C:\MCC18\src\traditional\startup\c018i.c
                     loop   0x002b44    program     static                          
       ___return_lbl00001   0x002b4e    program     static                          
              _usart_putc   0x002b50    program     extern C:\MCC18\src\pmc_common\USART\_usartpc.asm
                     loop   0x002b60    program     static C:\MCC18\src\pmc_common\USART\_usartpc.asm
                  isWDTTO   0x002b6c    program     extern C:\MCC18\src\pmc_common\reset\iswdtto.c
                    isPOR   0x002b84    program     extern C:\MCC18\src\pmc_common\reset\ispor.c
                  ReadADC   0x002b9c    program     extern C:\MCC18\src\pmc_common\ADC\adcread.c
                 s_digits   0x002bae    program     static C:\MCC18\src\traditional\stdclib\vfprintf.c
                    isBOR   0x002bc0    program     extern C:\MCC18\src\pmc_common\reset\isbor.c
                  BusyADC   0x002bcc    program     extern C:\MCC18\src\pmc_common\ADC\adcbusy.c
              StatusReset   0x002bd6    program     extern C:\MCC18\src\pmc_common\reset\statrst.c
               ConvertADC   0x002bdc    program     extern C:\MCC18\src\pmc_common\ADC\adcconv.c
                   __init   0x002be0    program     extern C:\MCC18\src\traditional\stdclib\__init.c
               __config_0   0x300001    program     static E:\Myprojects\back up Robot\sumovore.c
               __config_1   0x300002    program     static E:\Myprojects\back up Robot\sumovore.c
               __config_2   0x300003    program     static E:\Myprojects\back up Robot\sumovore.c
               __config_3   0x300005    program     static E:\Myprojects\back up Robot\sumovore.c
               __config_4   0x300006    program     static E:\Myprojects\back up Robot\sumovore.c
                     SIGN   0x000000       data     extern C:\MCC18\src\traditional\math\cmath18.asm
            __FPFLAGSbits   0x000001       data     extern C:\MCC18\src\traditional\math\cmath18.asm
                __FPFLAGS   0x000001       data     extern C:\MCC18\src\traditional\math\cmath18.asm
                  __REMB3   0x000002       data     extern C:\MCC18\src\traditional\math\aarg.asm
                 __AARGB7   0x000002       data     extern C:\MCC18\src\traditional\math\aarg.asm
                  __REMB2   0x000003       data     extern C:\MCC18\src\traditional\math\aarg.asm
                 __AARGB6   0x000003       data     extern C:\MCC18\src\traditional\math\aarg.asm
                  __REMB1   0x000004       data     extern C:\MCC18\src\traditional\math\aarg.asm
                 __AARGB5   0x000004       data     extern C:\MCC18\src\traditional\math\aarg.asm
                 __AARGB4   0x000005       data     extern C:\MCC18\src\traditional\math\aarg.asm
                  __REMB0   0x000005       data     extern C:\MCC18\src\traditional\math\aarg.asm
                 __AARGB3   0x000006       data     extern C:\MCC18\src\traditional\math\aarg.asm
                 __AARGB2   0x000007       data     extern C:\MCC18\src\traditional\math\aarg.asm
                 __AARGB1   0x000008       data     extern C:\MCC18\src\traditional\math\aarg.asm
                 __AARGB0   0x000009       data     extern C:\MCC18\src\traditional\math\aarg.asm
                   __AEXP   0x00000a       data     extern C:\MCC18\src\traditional\math\aarg.asm
                 __BARGB3   0x00000b       data     extern C:\MCC18\src\traditional\math\barg.asm
                 __BARGB2   0x00000c       data     extern C:\MCC18\src\traditional\math\barg.asm
                 __BARGB1   0x00000d       data     extern C:\MCC18\src\traditional\math\barg.asm
                 __BARGB0   0x00000e       data     extern C:\MCC18\src\traditional\math\barg.asm
                   __BEXP   0x00000f       data     extern C:\MCC18\src\traditional\math\barg.asm
                 __TEMPB3   0x000010       data     extern C:\MCC18\src\traditional\math\temparg.asm
                 __TEMPB2   0x000011       data     extern C:\MCC18\src\traditional\math\temparg.asm
                 __TEMPB1   0x000012       data     extern C:\MCC18\src\traditional\math\temparg.asm
                   __TEMP   0x000013       data     extern C:\MCC18\src\traditional\math\temparg.asm
                 __TEMPB0   0x000013       data     extern C:\MCC18\src\traditional\math\temparg.asm
                  __tmp_0   0x000014       data     static C:\MCC18\src\pmc_common\PWM\pw2setdc.c
                  __tmp_0   0x000014       data     static C:\MCC18\src\traditional\stdclib\putc.c
                  __tmp_0   0x000014       data     static C:\MCC18\src\pmc_common\PWM\pw1setdc.c
                  __tmp_0   0x000014       data     static C:\MCC18\src\pmc_common\ADC\adcsetch.c
                  __tmp_0   0x000014       data     static C:\MCC18\src\pmc_common\ADC\adcread.c
                  __tmp_0   0x000014       data     static C:\MCC18\src\pmc_common\USART\uopen.c
                  __tmp_0   0x000014       data     static C:\MCC18\src\traditional\stdclib\printf.c
                  __tmp_0   0x000014       data     static C:\MCC18\src\traditional\stdclib\vfprintf.c
                  __tmp_0   0x000014       data     static C:\MCC18\src\pmc_common\ADC\adcopen.c
                  __tmp_0   0x000014       data     static E:\Myprojects\back up Robot\motor_control012.c
                  __tmp_0   0x000014       data     static E:\Myprojects\back up Robot\osc.c
                  __tmp_0   0x000014       data     static E:\Myprojects\back up Robot\sumovore.c
            DelayCounter2   0x00001b       data     extern C:\MCC18\src\traditional\delays\delayd2.asm
            DelayCounter1   0x00001c       data     extern C:\MCC18\src\traditional\delays\delayd1.asm
                  SeeLine   0x000080       data     extern E:\Myprojects\back up Robot\sumovore.c
             motor_speeds   0x000081       data     static E:\Myprojects\back up Robot\sumovore.c
                     prom   0x00008f       data     static C:\MCC18\src\traditional\startup\c018i.c
                curr_byte   0x000092       data     static C:\MCC18\src\traditional\startup\c018i.c
               curr_entry   0x000094       data     static C:\MCC18\src\traditional\startup\c018i.c
                 data_ptr   0x000096       data     static C:\MCC18\src\traditional\startup\c018i.c
                threshold   0x000099       data     extern E:\Myprojects\back up Robot\sumovore.c
                   stdout   0x00009b       data     extern C:\MCC18\src\traditional\stdclib\stdout.c
                 lvd_flag   0x00009d       data     static E:\Myprojects\back up Robot\interrupts.c
                    PORTA   0x000f80       data     extern C:\MCC18\src\traditional\proc\p18F4525.asm
                PORTAbits   0x000f80       data     extern C:\MCC18\src\traditional\proc\p18F4525.asm
                    PORTB   0x000f81       data     extern C:\MCC18\src\traditional\proc\p18F4525.asm
                PORTBbits   0x000f81       data     extern C:\MCC18\src\traditional\proc\p18F4525.asm
                    PORTC   0x000f82       data     extern C:\MCC18\src\traditional\proc\p18F4525.asm
                PORTCbits   0x000f82       data     extern C:\MCC18\src\traditional\proc\p18F4525.asm
                    PORTD   0x000f83       data     extern C:\MCC18\src\traditional\proc\p18F4525.asm
                PORTDbits   0x000f83       data     extern C:\MCC18\src\traditional\proc\p18F4525.asm
                    PORTE   0x000f84       data     extern C:\MCC18\src\traditional\proc\p18F4525.asm
                PORTEbits   0x000f84       data     extern C:\MCC18\src\traditional\proc\p18F4525.asm
                 LATAbits   0x000f89       data     extern C:\MCC18\src\traditional\proc\p18F4525.asm
                     LATA   0x000f89       data     extern C:\MCC18\src\traditional\proc\p18F4525.asm
                 LATBbits   0x000f8a       data     extern C:\MCC18\src\traditional\proc\p18F4525.asm
                     LATB   0x000f8a       data     extern C:\MCC18\src\traditional\proc\p18F4525.asm
                 LATCbits   0x000f8b       data     extern C:\MCC18\src\traditional\proc\p18F4525.asm
                     LATC   0x000f8b       data     extern C:\MCC18\src\traditional\proc\p18F4525.asm
                     LATD   0x000f8c       data     extern C:\MCC18\src\traditional\proc\p18F4525.asm
                 LATDbits   0x000f8c       data     extern C:\MCC18\src\traditional\proc\p18F4525.asm
                     LATE   0x000f8d       data     extern C:\MCC18\src\traditional\proc\p18F4525.asm
                 LATEbits   0x000f8d       data     extern C:\MCC18\src\traditional\proc\p18F4525.asm
                TRISAbits   0x000f92       data     extern C:\MCC18\src\traditional\proc\p18F4525.asm
                     DDRA   0x000f92       data     extern C:\MCC18\src\traditional\proc\p18F4525.asm
                 DDRAbits   0x000f92       data     extern C:\MCC18\src\traditional\proc\p18F4525.asm
                    TRISA   0x000f92       data     extern C:\MCC18\src\traditional\proc\p18F4525.asm
                TRISBbits   0x000f93       data     extern C:\MCC18\src\traditional\proc\p18F4525.asm
                    TRISB   0x000f93       data     extern C:\MCC18\src\traditional\proc\p18F4525.asm
                     DDRB   0x000f93       data     extern C:\MCC18\src\traditional\proc\p18F4525.asm
                 DDRBbits   0x000f93       data     extern C:\MCC18\src\traditional\proc\p18F4525.asm
                    TRISC   0x000f94       data     extern C:\MCC18\src\traditional\proc\p18F4525.asm
                TRISCbits   0x000f94       data     extern C:\MCC18\src\traditional\proc\p18F4525.asm
                     DDRC   0x000f94       data     extern C:\MCC18\src\traditional\proc\p18F4525.asm
                 DDRCbits   0x000f94       data     extern C:\MCC18\src\traditional\proc\p18F4525.asm
                    TRISD   0x000f95       data     extern C:\MCC18\src\traditional\proc\p18F4525.asm
                TRISDbits   0x000f95       data     extern C:\MCC18\src\traditional\proc\p18F4525.asm
                 DDRDbits   0x000f95       data     extern C:\MCC18\src\traditional\proc\p18F4525.asm
                     DDRD   0x000f95       data     extern C:\MCC18\src\traditional\proc\p18F4525.asm
                 DDREbits   0x000f96       data     extern C:\MCC18\src\traditional\proc\p18F4525.asm
                     DDRE   0x000f96       data     extern C:\MCC18\src\traditional\proc\p18F4525.asm
                TRISEbits   0x000f96       data     extern C:\MCC18\src\traditional\proc\p18F4525.asm
                    TRISE   0x000f96       data     extern C:\MCC18\src\traditional\proc\p18F4525.asm
                  OSCTUNE   0x000f9b       data     extern C:\MCC18\src\traditional\proc\p18F4525.asm
              OSCTUNEbits   0x000f9b       data     extern C:\MCC18\src\traditional\proc\p18F4525.asm
                     PIE1   0x000f9d       data     extern C:\MCC18\src\traditional\proc\p18F4525.asm
                 PIE1bits   0x000f9d       data     extern C:\MCC18\src\traditional\proc\p18F4525.asm
                 PIR1bits   0x000f9e       data     extern C:\MCC18\src\traditional\proc\p18F4525.asm
                     PIR1   0x000f9e       data     extern C:\MCC18\src\traditional\proc\p18F4525.asm
                 IPR1bits   0x000f9f       data     extern C:\MCC18\src\traditional\proc\p18F4525.asm
                     IPR1   0x000f9f       data     extern C:\MCC18\src\traditional\proc\p18F4525.asm
                 PIE2bits   0x000fa0       data     extern C:\MCC18\src\traditional\proc\p18F4525.asm
                     PIE2   0x000fa0       data     extern C:\MCC18\src\traditional\proc\p18F4525.asm
                     PIR2   0x000fa1       data     extern C:\MCC18\src\traditional\proc\p18F4525.asm
                 PIR2bits   0x000fa1       data     extern C:\MCC18\src\traditional\proc\p18F4525.asm
                     IPR2   0x000fa2       data     extern C:\MCC18\src\traditional\proc\p18F4525.asm
                 IPR2bits   0x000fa2       data     extern C:\MCC18\src\traditional\proc\p18F4525.asm
                   EECON1   0x000fa6       data     extern C:\MCC18\src\traditional\proc\p18F4525.asm
               EECON1bits   0x000fa6       data     extern C:\MCC18\src\traditional\proc\p18F4525.asm
                   EECON2   0x000fa7       data     extern C:\MCC18\src\traditional\proc\p18F4525.asm
                   EEDATA   0x000fa8       data     extern C:\MCC18\src\traditional\proc\p18F4525.asm
                    EEADR   0x000fa9       data     extern C:\MCC18\src\traditional\proc\p18F4525.asm
                   EEADRH   0x000faa       data     extern C:\MCC18\src\traditional\proc\p18F4525.asm
                RCSTAbits   0x000fab       data     extern C:\MCC18\src\traditional\proc\p18F4525.asm
                    RCSTA   0x000fab       data     extern C:\MCC18\src\traditional\proc\p18F4525.asm
                TXSTAbits   0x000fac       data     extern C:\MCC18\src\traditional\proc\p18F4525.asm
                    TXSTA   0x000fac       data     extern C:\MCC18\src\traditional\proc\p18F4525.asm
                    TXREG   0x000fad       data     extern C:\MCC18\src\traditional\proc\p18F4525.asm
                    RCREG   0x000fae       data     extern C:\MCC18\src\traditional\proc\p18F4525.asm
                    SPBRG   0x000faf       data     extern C:\MCC18\src\traditional\proc\p18F4525.asm
                   SPBRGH   0x000fb0       data     extern C:\MCC18\src\traditional\proc\p18F4525.asm
                    T3CON   0x000fb1       data     extern C:\MCC18\src\traditional\proc\p18F4525.asm
                T3CONbits   0x000fb1       data     extern C:\MCC18\src\traditional\proc\p18F4525.asm
                    TMR3L   0x000fb2       data     extern C:\MCC18\src\traditional\proc\p18F4525.asm
                    TMR3H   0x000fb3       data     extern C:\MCC18\src\traditional\proc\p18F4525.asm
                    CMCON   0x000fb4       data     extern C:\MCC18\src\traditional\proc\p18F4525.asm
                CMCONbits   0x000fb4       data     extern C:\MCC18\src\traditional\proc\p18F4525.asm
               CVRCONbits   0x000fb5       data     extern C:\MCC18\src\traditional\proc\p18F4525.asm
                   CVRCON   0x000fb5       data     extern C:\MCC18\src\traditional\proc\p18F4525.asm
                  ECCP1AS   0x000fb6       data     extern C:\MCC18\src\traditional\proc\p18F4525.asm
              ECCP1ASbits   0x000fb6       data     extern C:\MCC18\src\traditional\proc\p18F4525.asm
                   ECCPAS   0x000fb6       data     extern C:\MCC18\src\traditional\proc\p18F4525.asm
               ECCPASbits   0x000fb6       data     extern C:\MCC18\src\traditional\proc\p18F4525.asm
                  PWM1CON   0x000fb7       data     extern C:\MCC18\src\traditional\proc\p18F4525.asm
              PWM1CONbits   0x000fb7       data     extern C:\MCC18\src\traditional\proc\p18F4525.asm
                  BAUDCTL   0x000fb8       data     extern C:\MCC18\src\traditional\proc\p18F4525.asm
              BAUDCTLbits   0x000fb8       data     extern C:\MCC18\src\traditional\proc\p18F4525.asm
                  BAUDCON   0x000fb8       data     extern C:\MCC18\src\traditional\proc\p18F4525.asm
              BAUDCONbits   0x000fb8       data     extern C:\MCC18\src\traditional\proc\p18F4525.asm
                  CCP2CON   0x000fba       data     extern C:\MCC18\src\traditional\proc\p18F4525.asm
              CCP2CONbits   0x000fba       data     extern C:\MCC18\src\traditional\proc\p18F4525.asm
                   CCPR2L   0x000fbb       data     extern C:\MCC18\src\traditional\proc\p18F4525.asm
                    CCPR2   0x000fbb       data     extern C:\MCC18\src\traditional\proc\p18F4525.asm
                   CCPR2H   0x000fbc       data     extern C:\MCC18\src\traditional\proc\p18F4525.asm
                  CCP1CON   0x000fbd       data     extern C:\MCC18\src\traditional\proc\p18F4525.asm
              CCP1CONbits   0x000fbd       data     extern C:\MCC18\src\traditional\proc\p18F4525.asm
                    CCPR1   0x000fbe       data     extern C:\MCC18\src\traditional\proc\p18F4525.asm
                   CCPR1L   0x000fbe       data     extern C:\MCC18\src\traditional\proc\p18F4525.asm
                   CCPR1H   0x000fbf       data     extern C:\MCC18\src\traditional\proc\p18F4525.asm
                   ADCON2   0x000fc0       data     extern C:\MCC18\src\traditional\proc\p18F4525.asm
               ADCON2bits   0x000fc0       data     extern C:\MCC18\src\traditional\proc\p18F4525.asm
                   ADCON1   0x000fc1       data     extern C:\MCC18\src\traditional\proc\p18F4525.asm
               ADCON1bits   0x000fc1       data     extern C:\MCC18\src\traditional\proc\p18F4525.asm
                   ADCON0   0x000fc2       data     extern C:\MCC18\src\traditional\proc\p18F4525.asm
               ADCON0bits   0x000fc2       data     extern C:\MCC18\src\traditional\proc\p18F4525.asm
                    ADRES   0x000fc3       data     extern C:\MCC18\src\traditional\proc\p18F4525.asm
                   ADRESL   0x000fc3       data     extern C:\MCC18\src\traditional\proc\p18F4525.asm
                   ADRESH   0x000fc4       data     extern C:\MCC18\src\traditional\proc\p18F4525.asm
                  SSPCON2   0x000fc5       data     extern C:\MCC18\src\traditional\proc\p18F4525.asm
              SSPCON2bits   0x000fc5       data     extern C:\MCC18\src\traditional\proc\p18F4525.asm
                  SSPCON1   0x000fc6       data     extern C:\MCC18\src\traditional\proc\p18F4525.asm
              SSPCON1bits   0x000fc6       data     extern C:\MCC18\src\traditional\proc\p18F4525.asm
              SSPSTATbits   0x000fc7       data     extern C:\MCC18\src\traditional\proc\p18F4525.asm
                  SSPSTAT   0x000fc7       data     extern C:\MCC18\src\traditional\proc\p18F4525.asm
                   SSPADD   0x000fc8       data     extern C:\MCC18\src\traditional\proc\p18F4525.asm
                   SSPBUF   0x000fc9       data     extern C:\MCC18\src\traditional\proc\p18F4525.asm
                    T2CON   0x000fca       data     extern C:\MCC18\src\traditional\proc\p18F4525.asm
                T2CONbits   0x000fca       data     extern C:\MCC18\src\traditional\proc\p18F4525.asm
                      PR2   0x000fcb       data     extern C:\MCC18\src\traditional\proc\p18F4525.asm
                     TMR2   0x000fcc       data     extern C:\MCC18\src\traditional\proc\p18F4525.asm
                T1CONbits   0x000fcd       data     extern C:\MCC18\src\traditional\proc\p18F4525.asm
                    T1CON   0x000fcd       data     extern C:\MCC18\src\traditional\proc\p18F4525.asm
                    TMR1L   0x000fce       data     extern C:\MCC18\src\traditional\proc\p18F4525.asm
                    TMR1H   0x000fcf       data     extern C:\MCC18\src\traditional\proc\p18F4525.asm
                     RCON   0x000fd0       data     extern C:\MCC18\src\traditional\proc\p18F4525.asm
                 RCONbits   0x000fd0       data     extern C:\MCC18\src\traditional\proc\p18F4525.asm
               WDTCONbits   0x000fd1       data     extern C:\MCC18\src\traditional\proc\p18F4525.asm
                   WDTCON   0x000fd1       data     extern C:\MCC18\src\traditional\proc\p18F4525.asm
                  HLVDCON   0x000fd2       data     extern C:\MCC18\src\traditional\proc\p18F4525.asm
              HLVDCONbits   0x000fd2       data     extern C:\MCC18\src\traditional\proc\p18F4525.asm
                   LVDCON   0x000fd2       data     extern C:\MCC18\src\traditional\proc\p18F4525.asm
               LVDCONbits   0x000fd2       data     extern C:\MCC18\src\traditional\proc\p18F4525.asm
                   OSCCON   0x000fd3       data     extern C:\MCC18\src\traditional\proc\p18F4525.asm
               OSCCONbits   0x000fd3       data     extern C:\MCC18\src\traditional\proc\p18F4525.asm
                    DEBUG   0x000fd4       data     extern C:\MCC18\src\traditional\proc\p18F4525.asm
                T0CONbits   0x000fd5       data     extern C:\MCC18\src\traditional\proc\p18F4525.asm
                    T0CON   0x000fd5       data     extern C:\MCC18\src\traditional\proc\p18F4525.asm
                    TMR0L   0x000fd6       data     extern C:\MCC18\src\traditional\proc\p18F4525.asm
                    TMR0H   0x000fd7       data     extern C:\MCC18\src\traditional\proc\p18F4525.asm
                   STATUS   0x000fd8       data     extern C:\MCC18\src\traditional\proc\p18F4525.asm
               STATUSbits   0x000fd8       data     extern C:\MCC18\src\traditional\proc\p18F4525.asm
                    FSR2L   0x000fd9       data     extern C:\MCC18\src\traditional\proc\p18F4525.asm
                     FSR2   0x000fd9       data     extern C:\MCC18\src\traditional\proc\p18F4525.asm
                    FSR2H   0x000fda       data     extern C:\MCC18\src\traditional\proc\p18F4525.asm
                   PLUSW2   0x000fdb       data     extern C:\MCC18\src\traditional\proc\p18F4525.asm
                  PREINC2   0x000fdc       data     extern C:\MCC18\src\traditional\proc\p18F4525.asm
                 POSTDEC2   0x000fdd       data     extern C:\MCC18\src\traditional\proc\p18F4525.asm
                 POSTINC2   0x000fde       data     extern C:\MCC18\src\traditional\proc\p18F4525.asm
                    INDF2   0x000fdf       data     extern C:\MCC18\src\traditional\proc\p18F4525.asm
                      BSR   0x000fe0       data     extern C:\MCC18\src\traditional\proc\p18F4525.asm
                    FSR1L   0x000fe1       data     extern C:\MCC18\src\traditional\proc\p18F4525.asm
                     FSR1   0x000fe1       data     extern C:\MCC18\src\traditional\proc\p18F4525.asm
                    FSR1H   0x000fe2       data     extern C:\MCC18\src\traditional\proc\p18F4525.asm
                   PLUSW1   0x000fe3       data     extern C:\MCC18\src\traditional\proc\p18F4525.asm
                  PREINC1   0x000fe4       data     extern C:\MCC18\src\traditional\proc\p18F4525.asm
                 POSTDEC1   0x000fe5       data     extern C:\MCC18\src\traditional\proc\p18F4525.asm
                 POSTINC1   0x000fe6       data     extern C:\MCC18\src\traditional\proc\p18F4525.asm
                    INDF1   0x000fe7       data     extern C:\MCC18\src\traditional\proc\p18F4525.asm
                     WREG   0x000fe8       data     extern C:\MCC18\src\traditional\proc\p18F4525.asm
                        W   0x000fe8       data     extern C:\MCC18\src\traditional\proc\p18F4525.asm
                     FSR0   0x000fe9       data     extern C:\MCC18\src\traditional\proc\p18F4525.asm
                    FSR0L   0x000fe9       data     extern C:\MCC18\src\traditional\proc\p18F4525.asm
                    FSR0H   0x000fea       data     extern C:\MCC18\src\traditional\proc\p18F4525.asm
                   PLUSW0   0x000feb       data     extern C:\MCC18\src\traditional\proc\p18F4525.asm
                  PREINC0   0x000fec       data     extern C:\MCC18\src\traditional\proc\p18F4525.asm
                 POSTDEC0   0x000fed       data     extern C:\MCC18\src\traditional\proc\p18F4525.asm
                 POSTINC0   0x000fee       data     extern C:\MCC18\src\traditional\proc\p18F4525.asm
                    INDF0   0x000fef       data     extern C:\MCC18\src\traditional\proc\p18F4525.asm
                  INTCON3   0x000ff0       data     extern C:\MCC18\src\traditional\proc\p18F4525.asm
              INTCON3bits   0x000ff0       data     extern C:\MCC18\src\traditional\proc\p18F4525.asm
              INTCON2bits   0x000ff1       data     extern C:\MCC18\src\traditional\proc\p18F4525.asm
                  INTCON2   0x000ff1       data     extern C:\MCC18\src\traditional\proc\p18F4525.asm
                   INTCON   0x000ff2       data     extern C:\MCC18\src\traditional\proc\p18F4525.asm
               INTCONbits   0x000ff2       data     extern C:\MCC18\src\traditional\proc\p18F4525.asm
                     PROD   0x000ff3       data     extern C:\MCC18\src\traditional\proc\p18F4525.asm
                    PRODL   0x000ff3       data     extern C:\MCC18\src\traditional\proc\p18F4525.asm
                    PRODH   0x000ff4       data     extern C:\MCC18\src\traditional\proc\p18F4525.asm
                   TABLAT   0x000ff5       data     extern C:\MCC18\src\traditional\proc\p18F4525.asm
                  TBLPTRL   0x000ff6       data     extern C:\MCC18\src\traditional\proc\p18F4525.asm
                   TBLPTR   0x000ff6       data     extern C:\MCC18\src\traditional\proc\p18F4525.asm
                  TBLPTRH   0x000ff7       data     extern C:\MCC18\src\traditional\proc\p18F4525.asm
                  TBLPTRU   0x000ff8       data     extern C:\MCC18\src\traditional\proc\p18F4525.asm
                      PCL   0x000ff9       data     extern C:\MCC18\src\traditional\proc\p18F4525.asm
                       PC   0x000ff9       data     extern C:\MCC18\src\traditional\proc\p18F4525.asm
                   PCLATH   0x000ffa       data     extern C:\MCC18\src\traditional\proc\p18F4525.asm
                   PCLATU   0x000ffb       data     extern C:\MCC18\src\traditional\proc\p18F4525.asm
               STKPTRbits   0x000ffc       data     extern C:\MCC18\src\traditional\proc\p18F4525.asm
                   STKPTR   0x000ffc       data     extern C:\MCC18\src\traditional\proc\p18F4525.asm
                     TOSL   0x000ffd       data     extern C:\MCC18\src\traditional\proc\p18F4525.asm
                      TOS   0x000ffd       data     extern C:\MCC18\src\traditional\proc\p18F4525.asm
                     TOSH   0x000ffe       data     extern C:\MCC18\src\traditional\proc\p18F4525.asm
                     TOSU   0x000fff       data     extern C:\MCC18\src\traditional\proc\p18F4525.asm


